nohup: ignoring input
2026-08-23 16:40:39,170 INFO aiogram.dispatcher: Start polling
2026-08-23 16:40:39,639 INFO aiogram.dispatcher: Run polling for bot @LOCATION_FINDERR_ABOT id=8951676656 - 'LOCATION FINDER'
2026-08-23 16:40:50,007 INFO aiogram.event: Update id=22879845 is handled. Duration 447 ms by bot id=8951676656
2026-08-23 16:40:57,225 INFO aiogram.event: Update id=22879846 is handled. Duration 299 ms by bot id=8951676656
2026-08-23 16:41:03,987 INFO aiogram.event: Update id=22879847 is handled. Duration 151 ms by bot id=8951676656
2026-08-23 16:41:13,326 INFO aiogram.event: Update id=22879848 is handled. Duration 153 ms by bot id=8951676656
2026-08-23 16:41:18,253 INFO aiogram.event: Update id=22879849 is handled. Duration 289 ms by bot id=8951676656
2026-08-23 16:41:27,605 INFO aiogram.event: Update id=22879850 is handled. Duration 150 ms by bot id=8951676656
2026-08-23 16:41:35,115 INFO aiogram.event: Update id=22879851 is handled. Duration 178 ms by bot id=8951676656
2026-08-23 16:41:37,445 INFO aiogram.event: Update id=22879852 is handled. Duration 147 ms by bot id=8951676656
2026-08-23 16:42:13,696 INFO aiogram.event: Update id=22879853 is handled. Duration 154 ms by bot id=8951676656
2026-08-23 16:43:34,621 INFO aiogram.event: Update id=22879854 is handled. Duration 156 ms by bot id=8951676656
2026-08-23 16:43:41,431 INFO aiogram.event: Update id=22879855 is handled. Duration 172 ms by bot id=8951676656
2026-08-23 16:43:48,402 INFO aiogram.event: Update id=22879856 is handled. Duration 159 ms by bot id=8951676656
2026-08-23 16:43:52,306 INFO aiogram.event: Update id=22879857 is handled. Duration 164 ms by bot id=8951676656
2026-08-23 16:43:53,779 INFO aiogram.event: Update id=22879858 is handled. Duration 176 ms by bot id=8951676656
2026-08-23 16:43:55,282 INFO aiogram.event: Update id=22879859 is handled. Duration 147 ms by bot id=8951676656
2026-08-23 16:43:58,081 INFO aiogram.event: Update id=22879860 is handled. Duration 327 ms by bot id=8951676656
2026-08-23 16:44:00,349 INFO aiogram.event: Update id=22879861 is handled. Duration 298 ms by bot id=8951676656
2026-08-23 16:44:02,525 INFO aiogram.event: Update id=22879862 is handled. Duration 317 ms by bot id=8951676656
2026-08-23 16:44:03,967 INFO aiogram.event: Update id=22879863 is handled. Duration 356 ms by bot id=8951676656
2026-08-23 16:44:05,087 INFO aiogram.event: Update id=22879864 is handled. Duration 275 ms by bot id=8951676656
2026-08-23 16:44:06,216 INFO aiogram.event: Update id=22879865 is handled. Duration 288 ms by bot id=8951676656
2026-08-23 16:44:07,124 INFO aiogram.event: Update id=22879866 is handled. Duration 150 ms by bot id=8951676656
2026-08-23 16:44:17,558 INFO aiogram.event: Update id=22879867 is handled. Duration 291 ms by bot id=8951676656
2026-08-23 16:44:24,833 INFO aiogram.event: Update id=22879868 is handled. Duration 175 ms by bot id=8951676656
2026-08-23 16:44:28,664 INFO aiogram.event: Update id=22879869 is handled. Duration 152 ms by bot id=8951676656
2026-08-23 16:53:48,278 INFO aiogram.event: Update id=22879870 is handled. Duration 166 ms by bot id=8951676656
2026-08-23 16:53:52,101 INFO aiogram.event: Update id=22879871 is handled. Duration 347 ms by bot id=8951676656
2026-08-23 16:53:53,934 INFO aiogram.event: Update id=22879872 is handled. Duration 296 ms by bot id=8951676656
2026-08-23 16:54:03,241 INFO aiogram.event: Update id=22879873 is handled. Duration 184 ms by bot id=8951676656
2026-08-23 16:54:04,986 INFO aiogram.event: Update id=22879874 is handled. Duration 281 ms by bot id=8951676656
2026-08-23 16:54:06,740 INFO aiogram.event: Update id=22879875 is handled. Duration 299 ms by bot id=8951676656
2026-08-23 16:54:09,170 INFO aiogram.event: Update id=22879876 is handled. Duration 143 ms by bot id=8951676656
2026-08-23 16:54:12,523 INFO aiogram.event: Update id=22879877 is handled. Duration 148 ms by bot id=8951676656
2026-08-23 17:03:01,676 ERROR aiogram.dispatcher: Failed to fetch updates - TelegramConflictError: Telegram server says - Conflict: terminated by other getUpdates request; make sure that only one bot instance is running
2026-08-23 17:03:01,676 WARNING aiogram.dispatcher: Sleep for 1.000000 seconds and try again... (tryings = 0, bot id = 8951676656)
2026-08-23 17:03:06,949 ERROR aiogram.dispatcher: Failed to fetch updates - TelegramConflictError: Telegram server says - Conflict: terminated by other getUpdates request; make sure that only one bot instance is running
2026-08-23 17:03:06,950 WARNING aiogram.dispatcher: Sleep for 1.355386 seconds and try again... (tryings = 1, bot id = 8951676656)
2026-08-23 17:03:13,109 ERROR aiogram.dispatcher: Failed to fetch updates - TelegramConflictError: Telegram server says - Conflict: terminated by other getUpdates request; make sure that only one bot instance is running
2026-08-23 17:03:13,109 WARNING aiogram.dispatcher: Sleep for 1.908158 seconds and try again... (tryings = 2, bot id = 8951676656)
2026-08-23 17:03:20,392 ERROR aiogram.dispatcher: Failed to fetch updates - TelegramConflictError: Telegram server says - Conflict: terminated by other getUpdates request; make sure that only one bot instance is running
2026-08-23 17:03:20,392 WARNING aiogram.dispatcher: Sleep for 2.559087 seconds and try again... (tryings = 3, bot id = 8951676656)
2026-08-23 17:03:28,987 ERROR aiogram.dispatcher: Failed to fetch updates - TelegramConflictError: Telegram server says - Conflict: terminated by other getUpdates request; make sure that only one bot instance is running
2026-08-23 17:03:28,987 WARNING aiogram.dispatcher: Sleep for 3.154109 seconds and try again... (tryings = 4, bot id = 8951676656)
2026-08-23 17:03:35,995 ERROR aiogram.dispatcher: Failed to fetch updates - TelegramConflictError: Telegram server says - Conflict: terminated by other getUpdates request; make sure that only one bot instance is running
2026-08-23 17:03:35,995 WARNING aiogram.dispatcher: Sleep for 4.333332 seconds and try again... (tryings = 5, bot id = 8951676656)
2026-08-23 17:03:45,273 ERROR aiogram.dispatcher: Failed to fetch updates - TelegramConflictError: Telegram server says - Conflict: terminated by other getUpdates request; make sure that only one bot instance is running
2026-08-23 17:03:45,273 WARNING aiogram.dispatcher: Sleep for 5.031507 seconds and try again... (tryings = 6, bot id = 8951676656)
2026-08-23 17:03:55,433 ERROR aiogram.dispatcher: Failed to fetch updates - TelegramConflictError: Telegram server says - Conflict: terminated by other getUpdates request; make sure that only one bot instance is running
2026-08-23 17:03:55,434 WARNING aiogram.dispatcher: Sleep for 4.977979 seconds and try again... (tryings = 7, bot id = 8951676656)
2026-08-23 17:04:05,673 ERROR aiogram.dispatcher: Failed to fetch updates - TelegramConflictError: Telegram server says - Conflict: terminated by other getUpdates request; make sure that only one bot instance is running
2026-08-23 17:04:05,673 WARNING aiogram.dispatcher: Sleep for 4.872787 seconds and try again... (tryings = 8, bot id = 8951676656)
2026-08-23 17:04:15,870 ERROR aiogram.dispatcher: Failed to fetch updates - TelegramConflictError: Telegram server says - Conflict: terminated by other getUpdates request; make sure that only one bot instance is running
2026-08-23 17:04:15,870 WARNING aiogram.dispatcher: Sleep for 5.035356 seconds and try again... (tryings = 9, bot id = 8951676656)
2026-08-23 17:04:26,088 ERROR aiogram.dispatcher: Failed to fetch updates - TelegramConflictError: Telegram server says - Conflict: terminated by other getUpdates request; make sure that only one bot instance is running
2026-08-23 17:04:26,088 WARNING aiogram.dispatcher: Sleep for 4.817270 seconds and try again... (tryings = 10, bot id = 8951676656)
2026-08-23 17:04:36,311 ERROR aiogram.dispatcher: Failed to fetch updates - TelegramConflictError: Telegram server says - Conflict: terminated by other getUpdates request; make sure that only one bot instance is running
2026-08-23 17:04:36,311 WARNING aiogram.dispatcher: Sleep for 5.081457 seconds and try again... (tryings = 11, bot id = 8951676656)
2026-08-23 17:04:46,843 ERROR aiogram.dispatcher: Failed to fetch updates - TelegramConflictError: Telegram server says - Conflict: terminated by other getUpdates request; make sure that only one bot instance is running
2026-08-23 17:04:46,843 WARNING aiogram.dispatcher: Sleep for 5.035864 seconds and try again... (tryings = 12, bot id = 8951676656)
2026-08-23 17:04:56,896 INFO aiogram.dispatcher: Connection established (tryings = 13, bot id = 8951676656)
2026-08-23 17:04:57,039 ERROR aiogram.dispatcher: Failed to fetch updates - TelegramConflictError: Telegram server says - Conflict: terminated by other getUpdates request; make sure that only one bot instance is running
2026-08-23 17:04:57,039 WARNING aiogram.dispatcher: Sleep for 1.000000 seconds and try again... (tryings = 0, bot id = 8951676656)
2026-08-23 17:04:57,324 INFO aiogram.event: Update id=22879878 is handled. Duration 426 ms by bot id=8951676656
2026-08-23 17:04:58,215 INFO aiogram.dispatcher: Connection established (tryings = 1, bot id = 8951676656)
2026-08-23 17:04:58,377 INFO aiogram.event: Update id=22879879 is handled. Duration 161 ms by bot id=8951676656
2026-08-23 17:04:59,405 INFO aiogram.event: Update id=22879880 is handled. Duration 195 ms by bot id=8951676656
2026-08-23 17:05:03,682 INFO aiogram.event: Update id=22879881 is handled. Duration 1095 ms by bot id=8951676656
2026-08-23 17:05:06,195 ERROR aiogram.dispatcher: Failed to fetch updates - TelegramConflictError: Telegram server says - Conflict: terminated by other getUpdates request; make sure that only one bot instance is running
2026-08-23 17:05:06,195 WARNING aiogram.dispatcher: Sleep for 1.000000 seconds and try again... (tryings = 0, bot id = 8951676656)
2026-08-23 17:05:15,394 ERROR aiogram.dispatcher: Failed to fetch updates - TelegramConflictError: Telegram server says - Conflict: terminated by other getUpdates request; make sure that only one bot instance is running
2026-08-23 17:05:15,395 WARNING aiogram.dispatcher: Sleep for 1.270056 seconds and try again... (tryings = 1, bot id = 8951676656)
2026-08-23 17:05:24,794 ERROR aiogram.dispatcher: Failed to fetch updates - TelegramConflictError: Telegram server says - Conflict: terminated by other getUpdates request; make sure that only one bot instance is running
2026-08-23 17:05:24,794 WARNING aiogram.dispatcher: Sleep for 1.557372 seconds and try again... (tryings = 2, bot id = 8951676656)
2026-08-23 17:05:34,754 ERROR aiogram.dispatcher: Failed to fetch updates - TelegramConflictError: Telegram server says - Conflict: terminated by other getUpdates request; make sure that only one bot instance is running
2026-08-23 17:05:34,754 WARNING aiogram.dispatcher: Sleep for 2.081001 seconds and try again... (tryings = 3, bot id = 8951676656)
2026-08-23 17:05:45,116 ERROR aiogram.dispatcher: Failed to fetch updates - TelegramConflictError: Telegram server says - Conflict: terminated by other getUpdates request; make sure that only one bot instance is running
2026-08-23 17:05:45,116 WARNING aiogram.dispatcher: Sleep for 2.816860 seconds and try again... (tryings = 4, bot id = 8951676656)
2026-08-23 17:05:56,195 ERROR aiogram.dispatcher: Failed to fetch updates - TelegramConflictError: Telegram server says - Conflict: terminated by other getUpdates request; make sure that only one bot instance is running
2026-08-23 17:05:56,195 WARNING aiogram.dispatcher: Sleep for 3.686379 seconds and try again... (tryings = 5, bot id = 8951676656)
2026-08-23 17:06:05,052 ERROR aiogram.dispatcher: Failed to fetch updates - TelegramConflictError: Telegram server says - Conflict: terminated by other getUpdates request; make sure that only one bot instance is running
2026-08-23 17:06:05,052 WARNING aiogram.dispatcher: Sleep for 4.907169 seconds and try again... (tryings = 6, bot id = 8951676656)
2026-08-23 17:06:15,201 ERROR aiogram.dispatcher: Failed to fetch updates - TelegramConflictError: Telegram server says - Conflict: terminated by other getUpdates request; make sure that only one bot instance is running
2026-08-23 17:06:15,201 WARNING aiogram.dispatcher: Sleep for 5.143626 seconds and try again... (tryings = 7, bot id = 8951676656)
2026-08-23 17:06:25,548 ERROR aiogram.dispatcher: Failed to fetch updates - TelegramConflictError: Telegram server says - Conflict: terminated by other getUpdates request; make sure that only one bot instance is running
2026-08-23 17:06:25,548 WARNING aiogram.dispatcher: Sleep for 4.913315 seconds and try again... (tryings = 8, bot id = 8951676656)
2026-08-23 17:06:35,758 ERROR aiogram.dispatcher: Failed to fetch updates - TelegramConflictError: Telegram server says - Conflict: terminated by other getUpdates request; make sure that only one bot instance is running
2026-08-23 17:06:35,758 WARNING aiogram.dispatcher: Sleep for 5.020542 seconds and try again... (tryings = 9, bot id = 8951676656)
2026-08-23 17:06:46,082 ERROR aiogram.dispatcher: Failed to fetch updates - TelegramConflictError: Telegram server says - Conflict: terminated by other getUpdates request; make sure that only one bot instance is running
2026-08-23 17:06:46,082 WARNING aiogram.dispatcher: Sleep for 4.975822 seconds and try again... (tryings = 10, bot id = 8951676656)
2026-08-23 17:06:56,210 ERROR aiogram.dispatcher: Failed to fetch updates - TelegramConflictError: Telegram server says - Conflict: terminated by other getUpdates request; make sure that only one bot instance is running
2026-08-23 17:06:56,210 WARNING aiogram.dispatcher: Sleep for 4.870978 seconds and try again... (tryings = 11, bot id = 8951676656)
2026-08-23 17:07:06,381 ERROR aiogram.dispatcher: Failed to fetch updates - TelegramConflictError: Telegram server says - Conflict: terminated by other getUpdates request; make sure that only one bot instance is running
2026-08-23 17:07:06,382 WARNING aiogram.dispatcher: Sleep for 4.990651 seconds and try again... (tryings = 12, bot id = 8951676656)
2026-08-23 17:07:16,507 ERROR aiogram.dispatcher: Failed to fetch updates - TelegramConflictError: Telegram server says - Conflict: terminated by other getUpdates request; make sure that only one bot instance is running
2026-08-23 17:07:16,507 WARNING aiogram.dispatcher: Sleep for 4.910860 seconds and try again... (tryings = 13, bot id = 8951676656)
2026-08-23 17:07:26,529 ERROR aiogram.dispatcher: Failed to fetch updates - TelegramConflictError: Telegram server says - Conflict: terminated by other getUpdates request; make sure that only one bot instance is running
2026-08-23 17:07:26,529 WARNING aiogram.dispatcher: Sleep for 5.057396 seconds and try again... (tryings = 14, bot id = 8951676656)
2026-08-23 17:07:36,644 ERROR aiogram.dispatcher: Failed to fetch updates - TelegramConflictError: Telegram server says - Conflict: terminated by other getUpdates request; make sure that only one bot instance is running
2026-08-23 17:07:36,644 WARNING aiogram.dispatcher: Sleep for 4.825191 seconds and try again... (tryings = 15, bot id = 8951676656)
2026-08-23 17:07:46,944 ERROR aiogram.dispatcher: Failed to fetch updates - TelegramConflictError: Telegram server says - Conflict: terminated by other getUpdates request; make sure that only one bot instance is running
2026-08-23 17:07:46,944 WARNING aiogram.dispatcher: Sleep for 5.014841 seconds and try again... (tryings = 16, bot id = 8951676656)
2026-08-23 17:07:57,185 ERROR aiogram.dispatcher: Failed to fetch updates - TelegramConflictError: Telegram server says - Conflict: terminated by other getUpdates request; make sure that only one bot instance is running
2026-08-23 17:07:57,185 WARNING aiogram.dispatcher: Sleep for 4.710123 seconds and try again... (tryings = 17, bot id = 8951676656)
2026-08-23 17:08:07,080 ERROR aiogram.dispatcher: Failed to fetch updates - TelegramConflictError: Telegram server says - Conflict: terminated by other getUpdates request; make sure that only one bot instance is running
2026-08-23 17:08:07,080 WARNING aiogram.dispatcher: Sleep for 4.796804 seconds and try again... (tryings = 18, bot id = 8951676656)
2026-08-23 17:08:17,277 ERROR aiogram.dispatcher: Failed to fetch updates - TelegramConflictError: Telegram server says - Conflict: terminated by other getUpdates request; make sure that only one bot instance is running
2026-08-23 17:08:17,277 WARNING aiogram.dispatcher: Sleep for 5.040421 seconds and try again... (tryings = 19, bot id = 8951676656)
2026-08-23 17:08:27,444 ERROR aiogram.dispatcher: Failed to fetch updates - TelegramConflictError: Telegram server says - Conflict: terminated by other getUpdates request; make sure that only one bot instance is running
2026-08-23 17:08:27,444 WARNING aiogram.dispatcher: Sleep for 4.972861 seconds and try again... (tryings = 20, bot id = 8951676656)
2026-08-23 17:08:37,724 ERROR aiogram.dispatcher: Failed to fetch updates - TelegramConflictError: Telegram server says - Conflict: terminated by other getUpdates request; make sure that only one bot instance is running
2026-08-23 17:08:37,724 WARNING aiogram.dispatcher: Sleep for 5.117545 seconds and try again... (tryings = 21, bot id = 8951676656)
2026-08-23 17:08:47,968 ERROR aiogram.dispatcher: Failed to fetch updates - TelegramConflictError: Telegram server says - Conflict: terminated by other getUpdates request; make sure that only one bot instance is running
2026-08-23 17:08:47,968 WARNING aiogram.dispatcher: Sleep for 4.689779 seconds and try again... (tryings = 22, bot id = 8951676656)
2026-08-23 17:08:57,765 ERROR aiogram.dispatcher: Failed to fetch updates - TelegramConflictError: Telegram server says - Conflict: terminated by other getUpdates request; make sure that only one bot instance is running
2026-08-23 17:08:57,765 WARNING aiogram.dispatcher: Sleep for 5.074930 seconds and try again... (tryings = 23, bot id = 8951676656)
2026-08-23 17:09:08,157 ERROR aiogram.dispatcher: Failed to fetch updates - TelegramConflictError: Telegram server says - Conflict: terminated by other getUpdates request; make sure that only one bot instance is running
2026-08-23 17:09:08,157 WARNING aiogram.dispatcher: Sleep for 5.025822 seconds and try again... (tryings = 24, bot id = 8951676656)
2026-08-23 17:09:18,441 ERROR aiogram.dispatcher: Failed to fetch updates - TelegramConflictError: Telegram server says - Conflict: terminated by other getUpdates request; make sure that only one bot instance is running
2026-08-23 17:09:18,442 WARNING aiogram.dispatcher: Sleep for 4.899406 seconds and try again... (tryings = 25, bot id = 8951676656)
2026-08-23 17:09:28,673 ERROR aiogram.dispatcher: Failed to fetch updates - TelegramConflictError: Telegram server says - Conflict: terminated by other getUpdates request; make sure that only one bot instance is running
2026-08-23 17:09:28,674 WARNING aiogram.dispatcher: Sleep for 4.950542 seconds and try again... (tryings = 26, bot id = 8951676656)
2026-08-23 17:09:38,754 ERROR aiogram.dispatcher: Failed to fetch updates - TelegramConflictError: Telegram server says - Conflict: terminated by other getUpdates request; make sure that only one bot instance is running
2026-08-23 17:09:38,754 WARNING aiogram.dispatcher: Sleep for 4.860681 seconds and try again... (tryings = 27, bot id = 8951676656)
2026-08-23 17:09:49,027 ERROR aiogram.dispatcher: Failed to fetch updates - TelegramConflictError: Telegram server says - Conflict: terminated by other getUpdates request; make sure that only one bot instance is running
2026-08-23 17:09:49,027 WARNING aiogram.dispatcher: Sleep for 5.012711 seconds and try again... (tryings = 28, bot id = 8951676656)
2026-08-23 17:09:59,979 ERROR aiogram.dispatcher: Failed to fetch updates - TelegramConflictError: Telegram server says - Conflict: terminated by other getUpdates request; make sure that only one bot instance is running
2026-08-23 17:09:59,979 WARNING aiogram.dispatcher: Sleep for 5.048910 seconds and try again... (tryings = 29, bot id = 8951676656)
2026-08-23 17:10:10,256 ERROR aiogram.dispatcher: Failed to fetch updates - TelegramConflictError: Telegram server says - Conflict: terminated by other getUpdates request; make sure that only one bot instance is running
2026-08-23 17:10:10,257 WARNING aiogram.dispatcher: Sleep for 4.894082 seconds and try again... (tryings = 30, bot id = 8951676656)
2026-08-23 17:10:20,329 ERROR aiogram.dispatcher: Failed to fetch updates - TelegramConflictError: Telegram server says - Conflict: terminated by other getUpdates request; make sure that only one bot instance is running
2026-08-23 17:10:20,329 WARNING aiogram.dispatcher: Sleep for 4.992052 seconds and try again... (tryings = 31, bot id = 8951676656)
2026-08-23 17:10:30,405 ERROR aiogram.dispatcher: Failed to fetch updates - TelegramConflictError: Telegram server says - Conflict: terminated by other getUpdates request; make sure that only one bot instance is running
2026-08-23 17:10:30,405 WARNING aiogram.dispatcher: Sleep for 4.965259 seconds and try again... (tryings = 32, bot id = 8951676656)
2026-08-23 17:10:40,650 ERROR aiogram.dispatcher: Failed to fetch updates - TelegramConflictError: Telegram server says - Conflict: terminated by other getUpdates request; make sure that only one bot instance is running
2026-08-23 17:10:40,650 WARNING aiogram.dispatcher: Sleep for 5.065698 seconds and try again... (tryings = 33, bot id = 8951676656)
2026-08-23 17:10:50,764 ERROR aiogram.dispatcher: Failed to fetch updates - TelegramConflictError: Telegram server says - Conflict: terminated by other getUpdates request; make sure that only one bot instance is running
2026-08-23 17:10:50,764 WARNING aiogram.dispatcher: Sleep for 4.791120 seconds and try again... (tryings = 34, bot id = 8951676656)
2026-08-23 17:11:00,776 ERROR aiogram.dispatcher: Failed to fetch updates - TelegramConflictError: Telegram server says - Conflict: terminated by other getUpdates request; make sure that only one bot instance is running
2026-08-23 17:11:00,776 WARNING aiogram.dispatcher: Sleep for 4.725121 seconds and try again... (tryings = 35, bot id = 8951676656)
2026-08-23 17:11:10,737 ERROR aiogram.dispatcher: Failed to fetch updates - TelegramConflictError: Telegram server says - Conflict: terminated by other getUpdates request; make sure that only one bot instance is running
2026-08-23 17:11:10,737 WARNING aiogram.dispatcher: Sleep for 4.968159 seconds and try again... (tryings = 36, bot id = 8951676656)
2026-08-23 17:11:20,823 ERROR aiogram.dispatcher: Failed to fetch updates - TelegramConflictError: Telegram server says - Conflict: terminated by other getUpdates request; make sure that only one bot instance is running
2026-08-23 17:11:20,823 WARNING aiogram.dispatcher: Sleep for 5.046188 seconds and try again... (tryings = 37, bot id = 8951676656)
2026-08-23 17:11:31,121 ERROR aiogram.dispatcher: Failed to fetch updates - TelegramConflictError: Telegram server says - Conflict: terminated by other getUpdates request; make sure that only one bot instance is running
2026-08-23 17:11:31,122 WARNING aiogram.dispatcher: Sleep for 5.214709 seconds and try again... (tryings = 38, bot id = 8951676656)
2026-08-23 17:11:41,691 ERROR aiogram.dispatcher: Failed to fetch updates - TelegramConflictError: Telegram server says - Conflict: terminated by other getUpdates request; make sure that only one bot instance is running
2026-08-23 17:11:41,691 WARNING aiogram.dispatcher: Sleep for 4.995040 seconds and try again... (tryings = 39, bot id = 8951676656)
2026-08-23 17:11:51,990 ERROR aiogram.dispatcher: Failed to fetch updates - TelegramConflictError: Telegram server says - Conflict: terminated by other getUpdates request; make sure that only one bot instance is running
2026-08-23 17:11:51,991 WARNING aiogram.dispatcher: Sleep for 5.053944 seconds and try again... (tryings = 40, bot id = 8951676656)
2026-08-23 17:12:02,296 ERROR aiogram.dispatcher: Failed to fetch updates - TelegramConflictError: Telegram server says - Conflict: terminated by other getUpdates request; make sure that only one bot instance is running
2026-08-23 17:12:02,296 WARNING aiogram.dispatcher: Sleep for 5.001152 seconds and try again... (tryings = 41, bot id = 8951676656)
2026-08-23 17:12:12,776 ERROR aiogram.dispatcher: Failed to fetch updates - TelegramConflictError: Telegram server says - Conflict: terminated by other getUpdates request; make sure that only one bot instance is running
2026-08-23 17:12:12,777 WARNING aiogram.dispatcher: Sleep for 5.065368 seconds and try again... (tryings = 42, bot id = 8951676656)
2026-08-23 17:12:23,130 ERROR aiogram.dispatcher: Failed to fetch updates - TelegramConflictError: Telegram server says - Conflict: terminated by other getUpdates request; make sure that only one bot instance is running
2026-08-23 17:12:23,130 WARNING aiogram.dispatcher: Sleep for 4.944362 seconds and try again... (tryings = 43, bot id = 8951676656)
2026-08-23 17:12:33,707 ERROR aiogram.dispatcher: Failed to fetch updates - TelegramConflictError: Telegram server says - Conflict: terminated by other getUpdates request; make sure that only one bot instance is running
2026-08-23 17:12:33,707 WARNING aiogram.dispatcher: Sleep for 4.993410 seconds and try again... (tryings = 44, bot id = 8951676656)
